[2026-08-23 22:05:23] 🚀 Standalone Auto-Pilot Daemon started successfully!
[2026-08-23 22:05:23] 📅 Active schedule slots: ['08:00', '11:00', '18:00', '20:00', '21:30']
[2026-08-23 22:05:23] 🔄 Checking and backfilling missed slots on daemon startup...
[2026-08-23 22:05:23] 🔔 Scheduled trigger for: startup_check. Executing runner script...
[2026-08-23 22:05:23] ✅ Executed successfully for startup_check.
[2026-08-23 22:39:49] 🚀 Standalone Auto-Pilot Daemon started successfully!
[2026-08-23 22:39:49] 📅 Active schedule slots: ['08:00', '11:00', '18:00', '20:00', '21:30']
[2026-08-23 22:39:49] 🔄 Checking and backfilling missed slots on daemon startup...
[2026-08-23 22:39:49] 🔔 Scheduled trigger for: startup_check. Executing runner script...
[2026-08-23 22:39:50] ✅ Executed successfully for startup_check.
[2026-08-24 07:54:33] 🚀 Standalone Auto-Pilot Daemon started successfully!
[2026-08-24 07:54:33] 📅 Active schedule slots: ['08:00', '11:00', '18:00', '20:00', '21:30']
[2026-08-24 07:54:33] 🔄 Checking and backfilling missed slots on daemon startup...
[2026-08-24 07:54:33] 🔔 Scheduled trigger for: startup_check. Executing runner script...
[2026-08-24 07:55:21] ✅ Executed successfully for startup_check.
[2026-08-24 08:00:00] 🚀 Standalone Auto-Pilot Daemon started successfully!
[2026-08-24 08:00:00] 📅 Active schedule slots: ['08:00', '11:00', '18:00', '20:00', '21:30']
[2026-08-24 08:00:00] 🔄 Checking and backfilling missed slots on daemon startup...
[2026-08-24 08:00:00] 🔔 Scheduled trigger for: startup_check. Executing runner script...
[2026-08-24 08:00:00] 🚀 Standalone Auto-Pilot Daemon started successfully!
[2026-08-24 08:00:00] 📅 Active schedule slots: ['08:00', '11:00', '18:00', '20:00', '21:30']
[2026-08-24 08:00:00] 🔄 Checking and backfilling missed slots on daemon startup...
[2026-08-24 08:00:00] 🔔 Scheduled trigger for: startup_check. Executing runner script...
[2026-08-24 08:00:01] ⏰ Time matches scheduled slot: 08:00 -> slot_08am
[2026-08-24 08:00:01] 🔔 Scheduled trigger for: slot_08am. Executing runner script...
[2026-08-24 08:00:09] ✅ Executed successfully for startup_check.
[2026-08-24 08:00:09] ⏰ Time matches scheduled slot: 08:00 -> slot_08am
[2026-08-24 08:00:09] 🔔 Scheduled trigger for: slot_08am. Executing runner script...
[2026-08-24 08:00:09] ✅ Executed successfully for startup_check.
[2026-08-24 08:00:09] ⏰ Time matches scheduled slot: 08:00 -> slot_08am
[2026-08-24 08:00:09] 🔔 Scheduled trigger for: slot_08am. Executing runner script...
[2026-08-24 08:00:09] ✅ Executed successfully for slot_08am.
[2026-08-24 08:00:09] ✅ Executed successfully for slot_08am.
[2026-08-24 08:00:10] ✅ Executed successfully for slot_08am.
[2026-08-24 09:48:00] 🚀 Standalone Auto-Pilot Daemon started successfully!
[2026-08-24 09:48:00] 📅 Active schedule slots: ['08:00', '11:00', '18:00', '20:00', '21:30']
[2026-08-24 09:48:00] 🔄 Checking and backfilling missed slots on daemon startup...
[2026-08-24 09:48:00] 🔔 Scheduled trigger for: startup_check. Executing runner script...
[2026-08-24 09:48:01] ✅ Executed successfully for startup_check.
[2026-08-24 11:00:00] 🚀 Standalone Auto-Pilot Daemon started successfully!
[2026-08-24 11:00:00] 📅 Active schedule slots: ['08:00', '11:00', '18:00', '20:00', '21:30']
[2026-08-24 11:00:00] 🔄 Checking and backfilling missed slots on daemon startup...
[2026-08-24 11:00:00] 🔔 Scheduled trigger for: startup_check. Executing runner script...
[2026-08-24 11:00:00] 🚀 Standalone Auto-Pilot Daemon started successfully!
[2026-08-24 11:00:00] 📅 Active schedule slots: ['08:00', '11:00', '18:00', '20:00', '21:30']
[2026-08-24 11:00:00] 🔄 Checking and backfilling missed slots on daemon startup...
[2026-08-24 11:00:00] 🔔 Scheduled trigger for: startup_check. Executing runner script...
[2026-08-24 11:00:02] ⏰ Time matches scheduled slot: 11:00 -> slot_11am
[2026-08-24 11:00:02] 🔔 Scheduled trigger for: slot_11am. Executing runner script...
[2026-08-24 11:00:02] ⏰ Time matches scheduled slot: 11:00 -> slot_11am
[2026-08-24 11:00:02] ⏰ Time matches scheduled slot: 11:00 -> slot_11am
[2026-08-24 11:00:02] 🔔 Scheduled trigger for: slot_11am. Executing runner script...
[2026-08-24 11:00:02] 🔔 Scheduled trigger for: slot_11am. Executing runner script...
[2026-08-24 11:00:05] ⏰ Time matches scheduled slot: 11:00 -> slot_11am
[2026-08-24 11:00:05] 🔔 Scheduled trigger for: slot_11am. Executing runner script...
[2026-08-24 11:00:05] ✅ Executed successfully for slot_11am.
[2026-08-24 11:00:10] ✅ Executed successfully for startup_check.
[2026-08-24 11:00:10] ⏰ Time matches scheduled slot: 11:00 -> slot_11am
[2026-08-24 11:00:10] 🔔 Scheduled trigger for: slot_11am. Executing runner script...
[2026-08-24 11:00:10] ✅ Executed successfully for startup_check.
[2026-08-24 11:00:10] ⏰ Time matches scheduled slot: 11:00 -> slot_11am
[2026-08-24 11:00:10] 🔔 Scheduled trigger for: slot_11am. Executing runner script...
[2026-08-24 11:00:10] ✅ Executed successfully for slot_11am.
[2026-08-24 11:00:10] ✅ Executed successfully for slot_11am.
[2026-08-24 11:00:11] ✅ Executed successfully for slot_11am.
[2026-08-24 11:00:11] ✅ Executed successfully for slot_11am.
[2026-08-24 11:00:11] ✅ Executed successfully for slot_11am.
[2026-08-24 11:17:41] 🔒 Acquired lock file for PID 4364.
[2026-08-24 11:17:41] 🚀 Standalone Auto-Pilot Daemon started successfully!
[2026-08-24 11:17:41] 📅 Active schedule slots: ['08:00', '11:00', '18:00', '20:00', '21:30']
[2026-08-24 11:17:41] 🔄 Checking and backfilling missed slots on daemon startup...
[2026-08-24 11:17:41] 🔔 Scheduled trigger for: startup_check. Executing runner script...
[2026-08-24 11:17:41] ✅ Executed successfully for startup_check.
[2026-08-24 18:00:09] ⏰ Time matches scheduled slot: 18:00 -> slot_18pm
[2026-08-24 18:00:09] 🔔 Scheduled trigger for: slot_18pm. Executing runner script...
[2026-08-24 18:00:18] ✅ Executed successfully for slot_18pm.
[2026-08-24 20:00:09] ⏰ Time matches scheduled slot: 20:00 -> slot_20pm
[2026-08-24 20:00:09] 🔔 Scheduled trigger for: slot_20pm. Executing runner script...
[2026-08-24 20:00:23] ✅ Executed successfully for slot_20pm.
[2026-08-24 21:30:04] ⏰ Time matches scheduled slot: 21:30 -> slot_2130pm
[2026-08-24 21:30:04] 🔔 Scheduled trigger for: slot_2130pm. Executing runner script...
[2026-08-24 21:30:15] ✅ Executed successfully for slot_2130pm.
[2026-08-25 08:02:28] 🔒 Acquired lock file for PID 1943.
[2026-08-25 08:02:28] 🚀 Standalone Auto-Pilot Daemon started successfully!
[2026-08-25 08:02:28] 📅 Active schedule slots: ['08:00', '11:00', '18:00', '20:00', '21:30']
[2026-08-25 08:02:28] 🔄 Checking and backfilling missed slots on daemon startup...
[2026-08-25 08:02:28] 🔔 Scheduled trigger for: startup_check. Executing runner script...
[2026-08-25 08:03:31] ✅ Executed successfully for startup_check.
[2026-08-25 11:00:30] ⏰ Time matches scheduled slot: 11:00 -> slot_11am
[2026-08-25 11:00:30] 🔔 Scheduled trigger for: slot_11am. Executing runner script...
[2026-08-25 11:00:35] ✅ Executed successfully for slot_11am.
[2026-08-25 18:00:00] 🔒 Acquired lock file for PID 4727.
[2026-08-25 18:00:00] 🚀 Standalone Auto-Pilot Daemon started successfully!
[2026-08-25 18:00:00] 📅 Active schedule slots: ['08:00', '11:00', '18:00', '20:00', '21:30']
[2026-08-25 18:00:00] 🔄 Checking and backfilling missed slots on daemon startup...
[2026-08-25 18:00:00] 🔔 Scheduled trigger for: startup_check. Executing runner script...
[2026-08-25 18:00:19] ✅ Executed successfully for startup_check.
[2026-08-25 18:00:19] ⏰ Time matches scheduled slot: 18:00 -> slot_18pm
[2026-08-25 18:00:19] 🔔 Scheduled trigger for: slot_18pm. Executing runner script...
[2026-08-25 18:00:31] ✅ Executed successfully for slot_18pm.
[2026-08-26 11:00:01] ⏰ Time matches scheduled slot: 11:00 -> slot_11am
[2026-08-26 11:00:01] 🔔 Scheduled trigger for: slot_11am. Executing runner script...
[2026-08-26 11:00:11] ✅ Executed successfully for slot_11am.
[2026-08-26 13:21:19] 🔒 Acquired lock file for PID 15178.
[2026-08-26 13:21:19] 🚀 Standalone Auto-Pilot Daemon started successfully!
[2026-08-26 13:21:19] 📅 Active schedule slots: ['08:00', '11:00', '18:00', '20:00', '21:30']
[2026-08-26 13:21:19] 🔄 Checking and backfilling missed slots on daemon startup...
[2026-08-26 13:21:19] 🔔 Scheduled trigger for: startup_check. Executing runner script...
[2026-08-26 13:21:19] ✅ Executed successfully for startup_check.
[2026-08-27 08:00:00] 🔒 Acquired lock file for PID 1664.
[2026-08-27 08:00:00] 🚀 Standalone Auto-Pilot Daemon started successfully!
[2026-08-27 08:00:00] 📅 Active schedule slots: ['08:00', '11:00', '18:00', '20:00', '21:30']
[2026-08-27 08:00:00] 🔄 Checking and backfilling missed slots on daemon startup...
[2026-08-27 08:00:00] 🔔 Scheduled trigger for: startup_check. Executing runner script...
[2026-08-27 08:01:08] ✅ Executed successfully for startup_check.
[2026-08-27 20:00:01] ⏰ Time matches scheduled slot: 20:00 -> slot_20pm
[2026-08-27 20:00:01] 🔔 Scheduled trigger for: slot_20pm. Executing runner script...
[2026-08-27 20:00:33] ✅ Executed successfully for slot_20pm.
[2026-08-27 21:30:08] ⏰ Time matches scheduled slot: 21:30 -> slot_2130pm
[2026-08-27 21:30:08] 🔔 Scheduled trigger for: slot_2130pm. Executing runner script...
[2026-08-27 21:30:22] ✅ Executed successfully for slot_2130pm.
[2026-08-28 08:13:06] 🔒 Acquired lock file for PID 1676.
[2026-08-28 08:13:06] 🚀 Standalone Auto-Pilot Daemon started successfully!
[2026-08-28 08:13:06] 📅 Active schedule slots: ['08:00', '11:00', '18:00', '20:00', '21:30']
[2026-08-28 08:13:06] 🔄 Checking and backfilling missed slots on daemon startup...
[2026-08-28 08:13:06] 🔔 Scheduled trigger for: startup_check. Executing runner script...
[2026-08-28 09:37:05] 🔒 Acquired lock file for PID 2155.
[2026-08-28 09:37:05] 🚀 Standalone Auto-Pilot Daemon started successfully!
[2026-08-28 09:37:05] 📅 Active schedule slots: ['08:00', '11:00', '18:00', '20:00', '21:30']
[2026-08-28 09:37:05] 🔄 Checking and backfilling missed slots on daemon startup...
[2026-08-28 09:37:05] 🔔 Scheduled trigger for: startup_check. Executing runner script...
[2026-08-28 09:39:28] ✅ Executed successfully for startup_check.
[2026-08-28 11:00:03] ⏰ Time matches scheduled slot: 11:00 -> slot_11am
[2026-08-28 11:00:03] 🔔 Scheduled trigger for: slot_11am. Executing runner script...
[2026-08-28 11:00:13] ✅ Executed successfully for slot_11am.
[2026-08-28 19:39:57] 🔒 Acquired lock file for PID 8522.
[2026-08-28 19:39:57] 🚀 Standalone Auto-Pilot Daemon started successfully!
[2026-08-28 19:39:57] 📅 Active schedule slots: ['08:00', '11:00', '18:00', '20:00', '21:30']
[2026-08-28 19:39:57] 🔄 Checking and backfilling missed slots on daemon startup...
[2026-08-28 19:39:57] 🔔 Scheduled trigger for: startup_check. Executing runner script...
[2026-08-28 19:39:57] ✅ Executed successfully for startup_check.
[2026-08-28 20:00:07] ⏰ Time matches scheduled slot: 20:00 -> slot_20pm
[2026-08-28 20:00:07] 🔔 Scheduled trigger for: slot_20pm. Executing runner script...
[2026-08-28 20:01:34] ✅ Executed successfully for slot_20pm.
[2026-08-28 21:30:06] ⏰ Time matches scheduled slot: 21:30 -> slot_2130pm
[2026-08-28 21:30:06] 🔔 Scheduled trigger for: slot_2130pm. Executing runner script...
[2026-08-28 21:30:17] ✅ Executed successfully for slot_2130pm.
[2026-08-29 04:28:36] 🔒 Acquired lock file for PID 1202.
[2026-08-29 04:28:36] 🚀 Standalone Auto-Pilot Daemon started successfully!
[2026-08-29 04:28:36] 📅 Active schedule slots: ['08:00', '11:00', '18:00', '20:00', '21:30']
[2026-08-29 04:28:36] 🔄 Checking and backfilling missed slots on daemon startup...
[2026-08-29 04:28:36] 🔔 Scheduled trigger for: startup_check. Executing runner script...
[2026-08-29 04:29:30] ✅ Executed successfully for startup_check.
[2026-08-29 08:00:00] 🔒 Acquired lock file for PID 1480.
[2026-08-29 08:00:00] 🚀 Standalone Auto-Pilot Daemon started successfully!
[2026-08-29 08:00:00] 📅 Active schedule slots: ['08:00', '11:00', '18:00', '20:00', '21:30']
[2026-08-29 08:00:00] 🔄 Checking and backfilling missed slots on daemon startup...
[2026-08-29 08:00:00] 🔔 Scheduled trigger for: startup_check. Executing runner script...
[2026-08-29 08:00:09] ✅ Executed successfully for startup_check.
[2026-08-29 08:00:09] ⏰ Time matches scheduled slot: 08:00 -> slot_08am
[2026-08-29 08:00:09] 🔔 Scheduled trigger for: slot_08am. Executing runner script...
[2026-08-29 08:00:09] ✅ Executed successfully for slot_08am.
[2026-08-29 08:07:56] 🔒 Acquired lock file for PID 1589.
[2026-08-29 08:07:56] 🚀 Standalone Auto-Pilot Daemon started successfully!
[2026-08-29 08:07:56] 📅 Active schedule slots: ['08:00', '11:00', '18:00', '20:00', '21:30']
[2026-08-29 08:07:56] 🔄 Checking and backfilling missed slots on daemon startup...
[2026-08-29 08:07:56] 🔔 Scheduled trigger for: startup_check. Executing runner script...
[2026-08-29 08:07:56] ✅ Executed successfully for startup_check.
[2026-08-29 11:00:09] ⏰ Time matches scheduled slot: 11:00 -> slot_11am
[2026-08-29 11:00:09] 🔔 Scheduled trigger for: slot_11am. Executing runner script...
[2026-08-29 11:00:10] ⏰ Time matches scheduled slot: 11:00 -> slot_11am
[2026-08-29 11:00:10] 🔔 Scheduled trigger for: slot_11am. Executing runner script...
[2026-08-29 11:00:20] ✅ Executed successfully for slot_11am.
[2026-08-29 11:00:22] ✅ Executed successfully for slot_11am.
[2026-09-02 10:32:34] 🔒 Acquired lock file for PID 1567.
[2026-09-02 10:32:34] 🚀 Standalone Auto-Pilot Daemon started successfully!
[2026-09-02 10:32:34] 📅 Active schedule slots: ['08:00', '11:00', '18:00', '20:00', '21:30']
[2026-09-02 10:32:34] 🔄 Checking and backfilling missed slots on daemon startup...
[2026-09-02 10:32:34] 🔔 Scheduled trigger for: startup_check. Executing runner script...
[2026-09-02 10:33:57] ✅ Executed successfully for startup_check.
[2026-09-02 11:00:07] ⏰ Time matches scheduled slot: 11:00 -> slot_11am
[2026-09-02 11:00:07] 🔔 Scheduled trigger for: slot_11am. Executing runner script...
[2026-09-02 11:00:23] ✅ Executed successfully for slot_11am.
[2026-09-02 14:37:33] 🔒 Acquired lock file for PID 3705.
[2026-09-02 14:37:33] 🚀 Standalone Auto-Pilot Daemon started successfully!
[2026-09-02 14:37:33] 📅 Active schedule slots: ['08:00', '11:00', '18:00', '20:00', '21:30']
[2026-09-02 14:37:33] 🔄 Checking and backfilling missed slots on daemon startup...
[2026-09-02 14:37:33] 🔔 Scheduled trigger for: startup_check. Executing runner script...
[2026-09-02 14:37:34] ✅ Executed successfully for startup_check.
[2026-09-02 15:00:04] ⚡ 30-min Short auto-upload trigger starting...
[2026-09-02 15:00:09] ✅ 30-min Short auto-upload completed successfully.
[2026-09-02 15:30:09] ⚡ 30-min Short auto-upload trigger starting...
[2026-09-02 15:30:14] ✅ 30-min Short auto-upload completed successfully.
[2026-09-02 16:00:05] ⚡ 30-min Short auto-upload trigger starting...
[2026-09-02 16:00:17] ✅ 30-min Short auto-upload completed successfully.
[2026-09-02 16:30:07] ⚡ 30-min Short auto-upload trigger starting...
[2026-09-02 16:30:11] ✅ 30-min Short auto-upload completed successfully.
[2026-09-02 18:33:51] ⚡ 30-min Short auto-upload trigger starting...
[2026-09-02 18:33:52] ⚠️ 30-min Short auto-upload finished with code 2.
[2026-09-02 19:34:58] ⚡ 30-min Short auto-upload trigger starting...
[2026-09-02 20:24:35] ⚠️ 30-min Short auto-upload finished with code 2.
[2026-09-02 20:24:45] ⚡ 30-min Short auto-upload trigger starting...
[2026-09-02 20:24:56] ✅ 30-min Short auto-upload completed successfully.
[2026-09-02 20:30:06] ⚡ 30-min Short auto-upload trigger starting...
[2026-09-02 20:30:12] ✅ 30-min Short auto-upload completed successfully.
[2026-09-02 21:00:02] ⚡ 30-min Short auto-upload trigger starting...
[2026-09-02 21:00:11] ✅ 30-min Short auto-upload completed successfully.
[2026-09-02 21:30:02] ⏰ Time matches scheduled slot: 21:30 -> slot_2130pm
[2026-09-02 21:30:02] 🔔 Scheduled trigger for: slot_2130pm. Executing runner script...
[2026-09-02 21:30:13] ✅ Executed successfully for slot_2130pm.
[2026-09-02 21:30:13] ⚡ 30-min Short auto-upload trigger starting...
[2026-09-02 21:30:18] ⚠️ 30-min Short auto-upload finished with code 2.
[2026-09-02 22:00:08] ⚡ 30-min Short auto-upload trigger starting...
[2026-09-02 22:00:19] ✅ 30-min Short auto-upload completed successfully.
[2026-09-02 22:30:09] ⚡ 30-min Short auto-upload trigger starting...
[2026-09-02 22:30:24] ✅ 30-min Short auto-upload completed successfully.
[2026-09-03 06:25:19] 🔒 Acquired lock file for PID 1310.
[2026-09-03 06:25:19] 🚀 Standalone Auto-Pilot Daemon started successfully!
[2026-09-03 06:25:19] 📅 Active schedule slots: ['08:00', '11:00', '18:00', '20:00', '21:30']
[2026-09-03 06:25:19] 🔄 Checking and backfilling missed slots on daemon startup...
[2026-09-03 06:25:19] 🔔 Scheduled trigger for: startup_check. Executing runner script...
[2026-09-03 06:26:12] ✅ Executed successfully for startup_check.
[2026-09-03 08:00:08] ⏰ Time matches scheduled slot: 08:00 -> slot_08am
[2026-09-03 08:00:08] 🔔 Scheduled trigger for: slot_08am. Executing runner script...
[2026-09-03 08:00:18] ✅ Executed successfully for slot_08am.
[2026-09-03 08:00:18] ⚡ 30-min Short auto-upload trigger starting...
[2026-09-03 08:00:24] ✅ 30-min Short auto-upload completed successfully.
[2026-09-03 08:15:59] 🔒 Acquired lock file for PID 1240.
[2026-09-03 08:15:59] 🚀 Standalone Auto-Pilot Daemon started successfully!
[2026-09-03 08:15:59] 📅 Active schedule slots: ['08:00', '11:00', '18:00', '20:00', '21:30']
[2026-09-03 08:15:59] 🔄 Checking and backfilling missed slots on daemon startup...
[2026-09-03 08:15:59] 🔔 Scheduled trigger for: startup_check. Executing runner script...
[2026-09-03 08:16:00] ✅ Executed successfully for startup_check.
[2026-09-03 08:51:22] ⚡ 30-min Short auto-upload trigger starting...
[2026-09-03 08:51:53] ✅ 30-min Short auto-upload completed successfully.
[2026-09-03 09:51:11] ⚡ 30-min Short auto-upload trigger starting...
[2026-09-03 09:51:14] ✅ 30-min Short auto-upload completed successfully.
[2026-09-03 10:27:55] ⚡ 30-min Short auto-upload trigger starting...
[2026-09-03 10:28:02] ✅ 30-min Short auto-upload completed successfully.
[2026-09-03 10:30:02] ⚡ 30-min Short auto-upload trigger starting...
[2026-09-03 10:30:06] ✅ 30-min Short auto-upload completed successfully.
[2026-09-03 11:22:36] ⚡ 30-min Short auto-upload trigger starting...
[2026-09-03 11:22:40] ✅ 30-min Short auto-upload completed successfully.
[2026-09-03 11:56:39] ⚡ 30-min Short auto-upload trigger starting...
[2026-09-03 11:56:49] ✅ 30-min Short auto-upload completed successfully.
[2026-09-03 12:00:09] ⚡ 30-min Short auto-upload trigger starting...
[2026-09-03 12:00:13] ✅ 30-min Short auto-upload completed successfully.
[2026-09-03 12:30:02] ⚡ 30-min Short auto-upload trigger starting...
[2026-09-03 12:30:07] ✅ 30-min Short auto-upload completed successfully.
[2026-09-03 13:00:08] ⚡ 30-min Short auto-upload trigger starting...
[2026-09-03 13:00:11] ✅ 30-min Short auto-upload completed successfully.
[2026-09-03 15:23:22] 🔒 Acquired lock file for PID 1500.
[2026-09-03 15:23:22] 🚀 Standalone Auto-Pilot Daemon started successfully!
[2026-09-03 15:23:22] 📅 Active schedule slots: ['08:00', '11:00', '18:00', '20:00', '21:30']
[2026-09-03 15:23:22] 🔄 Checking and backfilling missed slots on daemon startup...
[2026-09-03 15:23:22] 🔔 Scheduled trigger for: startup_check. Executing runner script...
[2026-09-03 15:23:23] ✅ Executed successfully for startup_check.
[2026-09-03 15:30:03] ⚡ 30-min Short auto-upload trigger starting...
[2026-09-03 15:30:07] ✅ 30-min Short auto-upload completed successfully.
[2026-09-03 17:28:23] 🔒 Acquired lock file for PID 1337.
[2026-09-03 17:28:23] 🚀 Standalone Auto-Pilot Daemon started successfully!
[2026-09-03 17:28:23] 📅 Active schedule slots: ['08:00', '11:00', '18:00', '20:00', '21:30']
[2026-09-03 17:28:23] 🔄 Checking and backfilling missed slots on daemon startup...
[2026-09-03 17:28:23] 🔔 Scheduled trigger for: startup_check. Executing runner script...
[2026-09-03 17:28:23] ✅ Executed successfully for startup_check.
[2026-09-03 17:30:03] ⚡ 30-min Short auto-upload trigger starting...
[2026-09-03 17:30:07] ✅ 30-min Short auto-upload completed successfully.
[2026-09-03 18:00:05] 🔒 Acquired lock file for PID 1275.
[2026-09-03 18:00:05] 🚀 Standalone Auto-Pilot Daemon started successfully!
[2026-09-03 18:00:05] 📅 Active schedule slots: ['08:00', '11:00', '18:00', '20:00', '21:30']
[2026-09-03 18:00:05] 🔄 Checking and backfilling missed slots on daemon startup...
[2026-09-03 18:00:05] 🔔 Scheduled trigger for: startup_check. Executing runner script...
[2026-09-03 18:00:22] ✅ Executed successfully for startup_check.
[2026-09-03 18:00:22] ⏰ Time matches scheduled slot: 18:00 -> slot_18pm
[2026-09-03 18:00:22] 🔔 Scheduled trigger for: slot_18pm. Executing runner script...
[2026-09-03 18:00:22] ✅ Executed successfully for slot_18pm.
[2026-09-03 18:00:22] ⚡ 30-min Short auto-upload trigger starting...
[2026-09-03 18:00:33] ✅ 30-min Short auto-upload completed successfully.
[2026-09-03 18:30:09] ⚡ 30-min Short auto-upload trigger starting...
[2026-09-03 18:30:14] ✅ 30-min Short auto-upload completed successfully.
[2026-09-03 19:00:08] ⚡ 30-min Short auto-upload trigger starting...
[2026-09-03 19:00:20] ✅ 30-min Short auto-upload completed successfully.
[2026-09-03 19:30:03] ⚡ 30-min Short auto-upload trigger starting...
[2026-09-03 19:30:09] ✅ 30-min Short auto-upload completed successfully.
[2026-09-03 20:00:03] ⏰ Time matches scheduled slot: 20:00 -> slot_20pm
[2026-09-03 20:00:03] 🔔 Scheduled trigger for: slot_20pm. Executing runner script...
[2026-09-03 20:00:15] ✅ Executed successfully for slot_20pm.
[2026-09-03 20:00:15] ⚡ 30-min Short auto-upload trigger starting...
[2026-09-03 20:00:25] ✅ 30-min Short auto-upload completed successfully.
[2026-09-03 20:30:06] ⚡ 30-min Short auto-upload trigger starting...
[2026-09-03 20:30:15] ✅ 30-min Short auto-upload completed successfully.
[2026-09-03 21:00:07] ⚡ 30-min Short auto-upload trigger starting...
[2026-09-03 21:00:18] ✅ 30-min Short auto-upload completed successfully.
[2026-09-04 08:32:51] 🔒 Acquired lock file for PID 1303.
[2026-09-04 08:32:51] 🚀 Standalone Auto-Pilot Daemon started successfully!
[2026-09-04 08:32:51] 📅 Active schedule slots: ['08:00', '11:00', '18:00', '20:00', '21:30']
[2026-09-04 08:32:51] 🔄 Checking and backfilling missed slots on daemon startup...
[2026-09-04 08:32:51] 🔔 Scheduled trigger for: startup_check. Executing runner script...
[2026-09-04 08:32:51] ✅ Executed successfully for startup_check.
[2026-09-04 09:00:01] ⚡ 30-min Short auto-upload trigger starting...
[2026-09-04 09:00:05] ✅ 30-min Short auto-upload completed successfully.
[2026-09-04 09:30:06] ⚡ 30-min Short auto-upload trigger starting...
[2026-09-04 09:30:10] ✅ 30-min Short auto-upload completed successfully.
[2026-09-04 10:00:01] ⚡ 30-min Short auto-upload trigger starting...
[2026-09-04 10:00:10] ✅ 30-min Short auto-upload completed successfully.
[2026-09-04 10:30:01] ⚡ 30-min Short auto-upload trigger starting...
[2026-09-04 10:30:05] ✅ 30-min Short auto-upload completed successfully.
[2026-09-04 11:00:05] ⏰ Time matches scheduled slot: 11:00 -> slot_11am
[2026-09-04 11:00:05] 🔔 Scheduled trigger for: slot_11am. Executing runner script...
[2026-09-04 11:00:15] ✅ Executed successfully for slot_11am.
[2026-09-04 11:00:15] ⚡ 30-min Short auto-upload trigger starting...
[2026-09-04 11:00:19] ✅ 30-min Short auto-upload completed successfully.
[2026-09-04 11:30:09] ⚡ 30-min Short auto-upload trigger starting...
[2026-09-04 11:30:13] ✅ 30-min Short auto-upload completed successfully.
[2026-09-04 12:00:04] ⚡ 30-min Short auto-upload trigger starting...
[2026-09-04 12:00:08] ✅ 30-min Short auto-upload completed successfully.
[2026-09-04 12:30:08] ⚡ 30-min Short auto-upload trigger starting...
[2026-09-04 12:30:12] ✅ 30-min Short auto-upload completed successfully.
[2026-09-04 13:00:03] ⚡ 30-min Short auto-upload trigger starting...
[2026-09-04 13:00:07] ✅ 30-min Short auto-upload completed successfully.
[2026-09-04 13:30:08] ⚡ 30-min Short auto-upload trigger starting...
[2026-09-04 13:30:12] ✅ 30-min Short auto-upload completed successfully.
[2026-09-04 14:00:03] ⚡ 30-min Short auto-upload trigger starting...
[2026-09-04 14:00:11] ✅ 30-min Short auto-upload completed successfully.
[2026-09-04 14:30:02] ⚡ 30-min Short auto-upload trigger starting...
[2026-09-04 14:30:08] ✅ 30-min Short auto-upload completed successfully.
[2026-09-04 15:00:09] ⚡ 30-min Short auto-upload trigger starting...
[2026-09-04 15:00:13] ✅ 30-min Short auto-upload completed successfully.
[2026-09-04 15:30:04] ⚡ 30-min Short auto-upload trigger starting...
[2026-09-04 15:30:08] ✅ 30-min Short auto-upload completed successfully.
[2026-09-04 16:00:08] ⚡ 30-min Short auto-upload trigger starting...
[2026-09-04 16:00:12] ✅ 30-min Short auto-upload completed successfully.
[2026-09-04 16:33:29] ⚡ 30-min Short auto-upload trigger starting...
[2026-09-04 16:33:29] ⚠️ 30-min Short auto-upload finished with code 2.
[2026-09-04 17:12:43] ⚡ 30-min Short auto-upload trigger starting...
[2026-09-04 17:12:43] ⚠️ 30-min Short auto-upload finished with code 2.
[2026-09-04 18:17:41] ⚡ 30-min Short auto-upload trigger starting...
[2026-09-04 18:17:55] ✅ 30-min Short auto-upload completed successfully.
[2026-09-04 18:29:47] 🔒 Acquired lock file for PID 24158.
[2026-09-04 18:29:47] 🚀 Standalone Auto-Pilot Daemon started successfully!
[2026-09-04 18:29:47] 📅 Active schedule slots: ['08:00', '11:00', '18:00', '20:00', '21:30']
[2026-09-04 18:29:47] 🔄 Checking and backfilling missed slots on daemon startup...
[2026-09-04 18:29:47] 🔔 Scheduled trigger for: startup_check. Executing runner script...
[2026-09-04 18:29:47] ✅ Executed successfully for startup_check.
[2026-09-04 18:30:07] ⚡ 30-min Short auto-upload trigger starting...
[2026-09-04 18:30:18] ✅ 30-min Short auto-upload completed successfully.
[2026-09-04 19:00:09] ⚡ 30-min Short auto-upload trigger starting...
[2026-09-04 19:00:18] ✅ 30-min Short auto-upload completed successfully.
[2026-09-04 19:30:09] ⚡ 30-min Short auto-upload trigger starting...
[2026-09-04 19:30:18] ✅ 30-min Short auto-upload completed successfully.
[2026-09-04 22:05:16] ⚡ 30-min Short auto-upload trigger starting...
[2026-09-04 22:05:21] ⚠️ 30-min Short auto-upload finished with code 2.
[2026-09-04 22:09:14] 🔒 Acquired lock file for PID 27874.
[2026-09-04 22:09:14] 🚀 Standalone Auto-Pilot Daemon started successfully!
[2026-09-04 22:09:14] 📅 Active schedule slots: ['08:00', '11:00', '18:00', '20:00', '21:30']
[2026-09-04 22:09:14] 🔄 Checking and backfilling missed slots on daemon startup...
[2026-09-04 22:09:14] 🔔 Scheduled trigger for: startup_check. Executing runner script...
[2026-09-04 22:09:15] ✅ Executed successfully for startup_check.
